/dev/disk3s1s1 on / (apfs, sealed, local, read-only, journaled)
devfs on /dev (devfs, local, nobrowse)
/dev/disk3s6 on /System/Volumes/VM (apfs, local, noexec, journaled, noatime, nobrowse)
/dev/disk3s2 on /System/Volumes/Preboot (apfs, local, journaled, nobrowse)
/dev/disk3s4 on /System/Volumes/Update (apfs, local, journaled, nobrowse)
/dev/disk2s2 on /System/Volumes/xarts (apfs, local, noexec, journaled, noatime, nobrowse)
/dev/disk2s1 on /System/Volumes/iSCPreboot (apfs, local, journaled, nobrowse)
/dev/disk2s3 on /System/Volumes/Hardware (apfs, local, journaled, nobrowse)
/dev/disk3s5 on /System/Volumes/Data (apfs, local, journaled, nobrowse, protect, root data)
map auto_home on /System/Volumes/Data/home (autofs, automounted, nobrowse)
MN - mydomain.com (ftp.mydomain.com):/ on /Users/muescha/Library/Application Support/Mountain Duck/Volumes.noindex/MN - mydomain.com.localized (nfs, asynchronous, nodev, nosuid, noowners, noatime, mounted by muescha)
/dev/disk5s1 on /Library/Developer/CoreSimulator/Volumes/iOS_21F79 (apfs, local, nodev, nosuid, read-only, journaled, noowners, noatime, nobrowse)
/dev/disk7s1 on /Library/Developer/CoreSimulator/Cryptex/Images/bundle/SimRuntimeBundle-A3CF7B3B-543B-4D71-BA03-12F939EA0B4D (apfs, local, nodev, nosuid, read-only, journaled, noowners, noatime, nobrowse)
/dev/disk9s1 on /Library/Developer/CoreSimulator/Volumes/iOS_22C150 (apfs, sealed, local, nodev, nosuid, read-only, journaled, noowners, noatime, nobrowse)
